// Jest Snapshot v1, https://goo.gl/fbAQLP

exports[`Pruebas First-app debe hacer match con snapshot 1`] = `
<div>
  <h1>
    Hola, soy goku
  </h1>
  <p>
    no hay subtitulo
  </p>
  <p>
    cristobal
  </p>
</div>
`;
